// Jest Snapshot v1, https://goo.gl/fbAQLP

exports[`Task Renders component 1`] = `
<DocumentFragment>
  <li
    class="taskList-item"
    data-cy="task"
  >
    <div
      class="taskList-item-left"
    >
      <input
        class="taskList-item-input"
        data-cy="task-checkbox"
        type="checkbox"
      />
      <span
        class="taskList-item-value "
        data-cy="task-value"
      >
        task description
      </span>
    </div>
    <button
      aria-label="Delete task"
      class="taskList-item-button"
      data-cy="delete-task-button"
    />
  </li>
</DocumentFragment>
`;
