// Jest Snapshot v1, https://goo.gl/fbAQLP

exports[`AddTaskForm Renders component 1`] = `
<DocumentFragment>
  <form
    class="addTask-form"
  >
    <input
      class="addTask-input"
      data-cy="add-task-input"
      placeholder="Add a task"
      type="text"
      value=""
    />
    <button
      class="addTask-button"
      data-cy="add-task-button"
      type="submit"
    >
      Add
    </button>
  </form>
</DocumentFragment>
`;
