// Jest Snapshot v1, https://goo.gl/fbAQLP

exports[`TaskList Renders component when many tasks 1`] = `
<DocumentFragment>
  <ul
    class="taskList"
  >
    <li
      class="taskList-item"
      data-cy="task"
    >
      <div
        class="taskList-item-left"
      >
        <input
          class="taskList-item-input"
          data-cy="task-checkbox"
          type="checkbox"
        />
        <span
          class="taskList-item-value "
          data-cy="task-value"
        >
          task description one
        </span>
      </div>
      <button
        aria-label="Delete task"
        class="taskList-item-button"
        data-cy="delete-task-button"
      />
    </li>
    <li
      class="taskList-item"
      data-cy="task"
    >
      <div
        class="taskList-item-left"
      >
        <input
          checked=""
          class="taskList-item-input"
          data-cy="task-checkbox"
          type="checkbox"
        />
        <span
          class="taskList-item-value completed"
          data-cy="task-value"
        >
          task description two
        </span>
      </div>
      <button
        aria-label="Delete task"
        class="taskList-item-button"
        data-cy="delete-task-button"
      />
    </li>
  </ul>
</DocumentFragment>
`;

exports[`TaskList Renders component when no tasks 1`] = `
<DocumentFragment>
  <div
    class="taskList-empty"
    data-cy="no-tasks-message"
  >
    You have no tasks
  </div>
</DocumentFragment>
`;
